[easyroblox.us/index.html]
[easyroblox.us/img/favicon.ico]
[backblue.gif]
[fade.gif]
[index.html]
[easyroblox.us/favicon.html]
[easyroblox.us/img/logo.png]
[easyroblox.us/img/avatar.jpg]
[easyroblox.us/img/flags/fr.png]
[easyroblox.us/img/bp.png]
[easyroblox.us/img/flags/rs.png]
[easyroblox.us/img/render.png]
[easyroblox.us/img/avatar.png]
[easyroblox.us/click.mp3]
[easyroblox.us/ajax.googleapis.com/ajax/libs/jquery/1.12.2/jquery.min.js]
[easyroblox.us/js/bootstrap.min.js]
[easyroblox.us/js/bootstrap-switch.min.js]
[easyroblox.us/js/functions.app.js]
[easyroblox.us/js/main.js]
[easyroblox.us/js/chat.js]
[easyroblox.us/index.html]
[easyroblox.us/img/bg.jpg]
[easyroblox.us/img/bg22.png]
[easyroblox.us/img/bg11.png]
[easyroblox.us/img/tabs-bg.png]
[easyroblox.us/img/tabs-hover.png]
[easyroblox.us/img/bg_hover.png]
[easyroblox.us/css/style.css]
[easyroblox.us/fonts/glyphicons-halflings-regular.eot]
[easyroblox.us/fonts/glyphicons-halflings-regulard41dd41dd41d.eot]
[easyroblox.us/fonts/glyphicons-halflings-regular.woff2]
[easyroblox.us/fonts/glyphicons-halflings-regular.woff]
[easyroblox.us/fonts/glyphicons-halflings-regular.ttf]
[easyroblox.us/css/bootstrap.css]
[easyroblox.us/css/bootstrap-switch.css]
[easyroblox.us/css/chat.css]
[easyroblox.us/webfonts/fa-brands-400.eot]
[easyroblox.us/webfonts/fa-brands-400d41dd41dd41d.eot]
[easyroblox.us/webfonts/fa-brands-400.woff2]
[easyroblox.us/webfonts/fa-brands-400.woff]
[easyroblox.us/webfonts/fa-brands-400.ttf]
[easyroblox.us/webfonts/fa-regular-400.eot]
[easyroblox.us/webfonts/fa-regular-400d41dd41dd41d.eot]
[easyroblox.us/webfonts/fa-regular-400.woff2]
[easyroblox.us/webfonts/fa-regular-400.woff]
[easyroblox.us/webfonts/fa-regular-400.ttf]
[easyroblox.us/webfonts/fa-solid-900.eot]
[easyroblox.us/webfonts/fa-solid-900d41dd41dd41d.eot]
[easyroblox.us/webfonts/fa-solid-900.woff2]
[easyroblox.us/webfonts/fa-solid-900.woff]
[easyroblox.us/webfonts/fa-solid-900.ttf]
[easyroblox.us/css/fontawesome-all.min.css]
[easyroblox.us/favicon.html]
[easyroblox.us/fonts/glyphicons-halflings-regular.svg]
[easyroblox.us/webfonts/fa-brands-400.svg]
[easyroblox.us/webfonts/fa-regular-400.svg]
[easyroblox.us/webfonts/fa-solid-900.svg]
